2026-01-06 08:49:30,941 - INFO - [SAVE] Mendownload file untuk disimpan lokal: 1.3.46.670589.30.39.0.1.966169802732.1704831346742.1
2026-01-06 08:50:53,753 - INFO - [SAVE] Mendownload file untuk disimpan lokal: 1.3.46.670589.30.39.0.1.966169802732.1761205592562.1
2026-01-06 08:52:09,846 - INFO - [DIRECT] Memulai proses Direct Send: 1.3.46.670589.30.39.0.1.966169802732.1758887630382.1
2026-01-06 08:52:10,650 - INFO - File berhasil diunduh: direct_1.3.46.670589.30.39.0.1.966169802732.1758887630382.1.dcm (Size: 9997348 bytes)
2026-01-06 08:54:25,524 - ERROR - ROUTER REJECTED: I: checking input files ...
I: Requesting Association
F: Association Request Failed: 0006:031c TCP Initialization Error: Connection timed out

2026-01-06 08:54:25,524 - ERROR - FAILED: Router menolak file (Cek kemungkinan duplikasi UID atau Koneksi)
2026-01-06 09:05:03,807 - INFO - [SAVE] Mendownload file ke temp: /tmp/dicom_gateway_tmp/1.3.46.670589.30.39.0.1.966169802732.1710329877779.1.dcm
2026-01-06 09:05:04,712 - INFO - [CLEANUP] File temporary berhasil dihapus: /tmp/dicom_gateway_tmp/1.3.46.670589.30.39.0.1.966169802732.1710329877779.1.dcm
2026-01-06 09:05:47,767 - INFO - [SYSTEM] Membersihkan 0 file di folder temporary.
2026-01-06 09:06:13,447 - INFO - [DIRECT] Memulai proses Direct Send: 1.3.46.670589.30.39.0.1.966169802732.1710329877779.1
2026-01-06 09:06:14,162 - INFO - File berhasil diunduh: direct_1.3.46.670589.30.39.0.1.966169802732.1710329877779.1.dcm (Size: 11168438 bytes)
2026-01-06 09:06:15,069 - INFO - SUCCESS: Direct Send 1.3.46.670589.30.39.0.1.966169802732.1710329877779.1 Berhasil!
2026-01-06 09:06:48,893 - INFO - [STEP 1] Mengambil Metadata dari DCM4CHEE untuk Study: 1.3.46.670589.30.39.0.1.966169802732.1710329877779.1
2026-01-06 09:06:48,918 - INFO - Metadata didapat: Series=1.3.46.670589.30.39.0.1.966169802732.1710330424512.1, SOP=1.3.46.670589.30.39.0.1.966169802732.1710330424422.2
2026-01-06 09:06:48,918 - INFO - [STEP 2] Downloading file DICOM via WADO...
2026-01-06 09:06:49,602 - INFO - Download selesai: temp_1.3.46.670589.30.39.0.1.966169802732.1710329877779.1.dcm
2026-01-06 09:06:49,602 - INFO - [STEP 3] Menjalankan dcmodify untuk PatientID:  P01372565542 & Acc: 202512300004
2026-01-06 09:06:49,648 - INFO - Modifikasi metadata berhasil.
2026-01-06 09:06:49,648 - INFO - [STEP 4] Mengirim ke Router 192.10.10.51:11112 via storescu
2026-01-06 09:06:50,540 - INFO - SUCCESS: DICOM berhasil dikirim ke DCMROUTER
2026-01-07 09:59:55,465 - INFO - [RELAY] Memulai direct transfer untuk: 1.3.46.670589.30.39.0.1.966169802732.1705507071824.1
2026-01-07 10:00:17,926 - INFO - Processing Study: 1.3.46.670589.30.39.0.1.966169802732.1705507071824.1
2026-01-07 10:01:31,621 - INFO - Processing Study: 1.3.46.670589.30.39.0.1.966169802732.1705507071824.1
2026-01-07 10:01:51,183 - INFO - [RELAY] Memulai direct transfer untuk: 1.3.46.670589.30.39.0.1.966169802732.1705507071824.1
2026-01-09 08:49:43,262 - ERROR - No ImagingStudy found for Accession Number: 1111
2026-01-09 08:49:57,460 - INFO - ImagingStudy found: 75b7e9d0-c079-419c-84f8-8dba7b9cd585
2026-01-09 08:50:32,226 - INFO - ImagingStudy found: 75b7e9d0-c079-419c-84f8-8dba7b9cd585
2026-01-09 08:50:54,972 - ERROR - No ImagingStudy found for Accession Number: 20250001
2026-01-09 08:55:51,308 - INFO - ImagingStudy found: 75b7e9d0-c079-419c-84f8-8dba7b9cd585
2026-01-16 13:03:39,524 - ERROR - Auth SatuSehat failed: 401 Client Error: Unauthorized for url: https://api-satusehat.kemkes.go.id/oauth2/v1/accesstoken?grant_type=client_credentials
2026-01-16 13:04:35,255 - INFO - ImagingStudy found: 7d1f71db-9e5d-4a11-918b-3dfcc7aca0c9
2026-01-16 13:10:16,768 - INFO - [DIRECT-DCM2] Cari DICOM berdasarkan accession=2026100001321
2026-01-16 13:10:54,931 - INFO - [DIRECT-DCM2] Cari DICOM berdasarkan accession=2026100001321
2026-01-16 13:13:38,427 - INFO - [DIRECT-DCM2] Cari DICOM berdasarkan accession=2026100001321
2026-01-16 13:21:22,951 - INFO - [DIRECT-DCM2] Cari DICOM berdasarkan accession=2026100001321 
2026-01-16 13:21:32,124 - ERROR - No ImagingStudy found for Accession Number: 2026100001321
2026-01-16 13:27:34,877 - INFO - ImagingStudy found: 7d1f71db-9e5d-4a11-918b-3dfcc7aca0c9
2026-01-16 13:47:47,865 - INFO - [DIRECT-DCM2] Cari DICOM berdasarkan accession=2026100001321 
2026-01-16 13:48:48,140 - INFO - [DIRECT-DCM2] Cari DICOM berdasarkan accession=2026100001320
2026-01-16 13:48:48,195 - ERROR - [DIRECT-DCM2 FAILED] Expecting value: line 1 column 1 (char 0)
2026-01-16 13:49:24,879 - INFO - [DIRECT-DCM2] Cari DICOM berdasarkan accession=2026100001322
2026-01-16 13:49:24,923 - ERROR - [DIRECT-DCM2 FAILED] Expecting value: line 1 column 1 (char 0)
2026-01-16 13:49:59,089 - INFO - [RELAY] Memulai direct transfer untuk: 1.3.46.670589.30.39.0.1.966169802732.1695722393202.1
2026-01-16 13:50:39,445 - INFO - [RELAY] Memulai direct transfer untuk: 1.3.46.670589.30.39.0.1.966169802732.1695722393202.2
2026-01-16 13:50:39,494 - ERROR - [RELAY FAILED] 404 Client Error: Not Found for url: http://192.10.10.23:8081/dcm4chee-arc/aets/DCM4CHEE/rs/studies/1.3.46.670589.30.39.0.1.966169802732.1695722393202.2/metadata
2026-01-16 13:51:26,023 - INFO - [DIRECT-DCM2] Cari DICOM berdasarkan accession=2026100001321
2026-01-16 13:52:03,698 - INFO - [DIRECT-DCM2] Cari DICOM berdasarkan accession=2026100001320
2026-01-16 13:52:03,743 - ERROR - [DIRECT-DCM2 FAILED] Expecting value: line 1 column 1 (char 0)
2026-01-16 13:57:56,530 - INFO - [DIRECT-DCM2] Cari DICOM berdasarkan accession=2026100001320
2026-01-16 13:57:56,570 - WARNING - [DIRECT-DCM2] NOT FOUND: Study tidak ditemukan
2026-01-16 13:58:11,172 - INFO - [DIRECT-DCM2] Cari DICOM berdasarkan accession=2026100001322
2026-01-16 13:58:11,205 - WARNING - [DIRECT-DCM2] NOT FOUND: Study tidak ditemukan
2026-01-16 14:01:10,438 - INFO - [DIRECT-DCM2] Cari DICOM berdasarkan accession=2026100001322
2026-01-16 14:01:10,488 - WARNING - [DIRECT-DCM2] NOT FOUND: Study tidak ditemukan
2026-01-16 14:01:28,403 - INFO - [DIRECT-DCM2] Cari DICOM berdasarkan accession=2026100001322
2026-01-16 14:01:28,453 - WARNING - [DIRECT-DCM2] NOT FOUND: Study tidak ditemukan
2026-01-16 14:04:18,640 - INFO - [DIRECT-DCM2] Cari DICOM berdasarkan accession=2026100001322
2026-01-16 14:04:18,683 - WARNING - [DIRECT-DCM2] NOT FOUND: Study tidak ditemukan
2026-01-16 14:26:13,628 - INFO - [DIRECT-DCM2] Cari DICOM berdasarkan accession=2026100001322
2026-01-16 14:26:13,674 - WARNING - [DIRECT-DCM2] NOT FOUND: Study tidak ditemukan
2026-01-16 14:26:27,440 - INFO - [DIRECT-DCM2] Cari DICOM berdasarkan accession=2026100001322
2026-01-16 14:26:27,475 - WARNING - [DIRECT-DCM2] NOT FOUND: Study tidak ditemukan
2026-01-16 14:26:45,746 - INFO - [DIRECT-DCM2] Cari DICOM berdasarkan accession=2026100001321 
2026-01-16 14:26:53,732 - INFO - [DIRECT-DCM2] Cari DICOM berdasarkan accession=2026100001322
2026-01-16 14:26:53,789 - WARNING - [DIRECT-DCM2] NOT FOUND: Study tidak ditemukan
2026-01-16 14:27:39,814 - INFO - [RELAY] Memulai direct transfer untuk: 1.3.46.670589.30.39.0.1.966169802732.1695722393202.3
2026-01-16 14:27:39,879 - ERROR - [RELAY FAILED] 404 Client Error: Not Found for url: http://192.10.10.23:8081/dcm4chee-arc/aets/DCM4CHEE/rs/studies/1.3.46.670589.30.39.0.1.966169802732.1695722393202.3/metadata
2026-01-16 14:28:30,402 - INFO - ImagingStudy found: 1caf7975-017b-43f0-8778-9861370e1a9a
2026-01-16 14:28:38,693 - INFO - ImagingStudy found: 6d86ec17-5ef7-4017-9c78-7c006ba9c022
2026-01-16 14:28:47,485 - INFO - ImagingStudy found: 4630e0ce-26a6-4ae5-ab02-c66138ee1bbe
2026-01-16 14:28:53,139 - ERROR - No ImagingStudy found for Accession Number: 202512300006
2026-01-16 14:28:56,638 - ERROR - No ImagingStudy found for Accession Number: 202512300006
2026-01-16 14:29:15,817 - INFO - ImagingStudy found: 7d1f71db-9e5d-4a11-918b-3dfcc7aca0c9
2026-01-16 14:29:20,774 - INFO - ImagingStudy found: 1caf7975-017b-43f0-8778-9861370e1a9a
2026-01-16 14:33:49,306 - INFO - [DIRECT-DCM2] Cari DICOM berdasarkan accession=2026100001322
2026-01-16 14:33:49,456 - WARNING - [DIRECT-DCM2] NOT FOUND: Study tidak ditemukan
2026-01-16 14:33:55,212 - INFO - [DIRECT-DCM2] Cari DICOM berdasarkan accession=2026100001322
2026-01-16 14:33:55,266 - WARNING - [DIRECT-DCM2] NOT FOUND: Study tidak ditemukan
2026-01-16 14:34:00,060 - INFO - [DIRECT-DCM2] Cari DICOM berdasarkan accession=2026100001321
2026-01-16 14:35:37,046 - INFO - [RELAY] Memulai direct transfer untuk: 1.3.46.670589.30.39.0.1.966169802732.1695722393202.1
2026-01-16 14:35:54,018 - INFO - [RELAY] Memulai direct transfer untuk: 1.3.46.670589.30.39.0.1.966169802732.1695722393202.1
2026-01-16 14:36:09,952 - INFO - [RELAY] Memulai direct transfer untuk: 1.3.46.670589.30.39.0.1.966169802732.1695722393202.5
2026-01-16 14:36:09,993 - ERROR - [RELAY FAILED] 404 Client Error: Not Found for url: http://192.10.10.23:8081/dcm4chee-arc/aets/DCM4CHEE/rs/studies/1.3.46.670589.30.39.0.1.966169802732.1695722393202.5/metadata
2026-01-16 14:36:10,415 - INFO - [RELAY] Memulai direct transfer untuk: 1.3.46.670589.30.39.0.1.966169802732.1695722393202.5
2026-01-16 14:36:10,456 - ERROR - [RELAY FAILED] 404 Client Error: Not Found for url: http://192.10.10.23:8081/dcm4chee-arc/aets/DCM4CHEE/rs/studies/1.3.46.670589.30.39.0.1.966169802732.1695722393202.5/metadata
2026-01-16 14:36:12,134 - INFO - [RELAY] Memulai direct transfer untuk: 1.3.46.670589.30.39.0.1.966169802732.1695722393202.5
2026-01-16 14:36:12,177 - ERROR - [RELAY FAILED] 404 Client Error: Not Found for url: http://192.10.10.23:8081/dcm4chee-arc/aets/DCM4CHEE/rs/studies/1.3.46.670589.30.39.0.1.966169802732.1695722393202.5/metadata
2026-01-16 14:36:14,565 - INFO - [RELAY] Memulai direct transfer untuk: 1.3.46.670589.30.39.0.1.966169802732.1695722393202.5
2026-01-16 14:36:14,624 - ERROR - [RELAY FAILED] 404 Client Error: Not Found for url: http://192.10.10.23:8081/dcm4chee-arc/aets/DCM4CHEE/rs/studies/1.3.46.670589.30.39.0.1.966169802732.1695722393202.5/metadata
2026-01-16 14:36:17,302 - INFO - [RELAY] Memulai direct transfer untuk: 1.3.46.670589.30.39.0.1.966169802732.1695722393202.5
2026-01-16 14:36:17,339 - ERROR - [RELAY FAILED] 404 Client Error: Not Found for url: http://192.10.10.23:8081/dcm4chee-arc/aets/DCM4CHEE/rs/studies/1.3.46.670589.30.39.0.1.966169802732.1695722393202.5/metadata
2026-01-16 14:36:22,533 - INFO - [RELAY] Memulai direct transfer untuk: 1.3.46.670589.30.39.0.1.966169802732.1695722393202.5
2026-01-16 14:36:22,571 - ERROR - [RELAY FAILED] 404 Client Error: Not Found for url: http://192.10.10.23:8081/dcm4chee-arc/aets/DCM4CHEE/rs/studies/1.3.46.670589.30.39.0.1.966169802732.1695722393202.5/metadata
2026-01-16 14:36:27,670 - INFO - [RELAY] Memulai direct transfer untuk: 1.3.46.670589.30.39.0.1.966169802732.1695722393202.5
2026-01-16 14:36:27,724 - ERROR - [RELAY FAILED] 404 Client Error: Not Found for url: http://192.10.10.23:8081/dcm4chee-arc/aets/DCM4CHEE/rs/studies/1.3.46.670589.30.39.0.1.966169802732.1695722393202.5/metadata
2026-01-16 14:36:44,826 - INFO - Processing Study: 1.3.46.670589.30.39.0.1.966169802732.1702422990063.5
2026-01-16 14:36:44,873 - ERROR - Process failed: 404 Client Error: Not Found for url: http://192.10.10.23:8081/dcm4chee-arc/aets/DCM4CHEE/rs/studies/1.3.46.670589.30.39.0.1.966169802732.1702422990063.5/metadata
2026-01-16 14:40:27,770 - INFO - Processing Study: 1.3.46.670589.30.39.0.1.966169802732.1702422990063.5
2026-01-16 14:40:27,821 - ERROR - Process failed: 404 Client Error: Not Found for url: http://192.10.10.23:8081/dcm4chee-arc/aets/DCM4CHEE/rs/studies/1.3.46.670589.30.39.0.1.966169802732.1702422990063.5/metadata
2026-01-16 14:41:26,289 - INFO - Processing Study: 1.3.46.670589.30.39.0.1.966169802732.1702422990063.5
2026-01-16 14:41:26,338 - ERROR - Process failed: 404 Client Error: Not Found for url: http://192.10.10.23:8081/dcm4chee-arc/aets/DCM4CHEE/rs/studies/1.3.46.670589.30.39.0.1.966169802732.1702422990063.5/metadata
2026-01-16 14:41:49,974 - INFO - Processing Study: 1.3.46.670589.30.39.0.1.966169802732.1702422990063.5
2026-01-16 14:41:50,020 - ERROR - Process failed: 404 Client Error: Not Found for url: http://192.10.10.23:8081/dcm4chee-arc/aets/DCM4CHEE/rs/studies/1.3.46.670589.30.39.0.1.966169802732.1702422990063.5/metadata
2026-01-16 14:43:04,732 - INFO - Processing Study: 1.3.46.670589.30.39.0.1.966169802732.1702422990063.5
2026-01-16 14:43:04,786 - ERROR - Process failed: 404 Client Error: Not Found for url: http://192.10.10.23:8081/dcm4chee-arc/aets/DCM4CHEE/rs/studies/1.3.46.670589.30.39.0.1.966169802732.1702422990063.5/metadata
2026-01-16 14:43:15,369 - INFO - [RELAY] Memulai direct transfer untuk: 1.3.46.670589.30.39.0.1.966169802732.1695722393202.10
2026-01-16 14:43:15,419 - ERROR - [RELAY FAILED] 404 Client Error: Not Found for url: http://192.10.10.23:8081/dcm4chee-arc/aets/DCM4CHEE/rs/studies/1.3.46.670589.30.39.0.1.966169802732.1695722393202.10/metadata
2026-01-16 14:43:22,615 - INFO - [DIRECT-DCM2] Cari DICOM berdasarkan accession=2026100001325
2026-01-16 14:43:22,648 - WARNING - [DIRECT-DCM2] NOT FOUND: Study tidak ditemukan
2026-01-16 14:43:37,375 - ERROR - No ImagingStudy found for Accession Number: 202512300007
2026-01-17 20:33:20,433 - INFO - Starting DICOM Gateway Application...
2026-01-17 20:33:20,433 - INFO - Starting DICOM Gateway Application...
2026-01-17 20:33:51,976 - INFO - ImagingStudy found: 7d1f71db-9e5d-4a11-918b-3dfcc7aca0c9
2026-01-17 20:33:51,976 - INFO - ImagingStudy found: 7d1f71db-9e5d-4a11-918b-3dfcc7aca0c9
2026-01-17 20:34:17,177 - INFO - [PROCESS] Starting unified DICOM processing
2026-01-17 20:34:17,177 - INFO - [PROCESS] Starting unified DICOM processing
2026-01-17 20:34:17,177 - INFO -   Study UID: None, Patient ID: None, Accession: 202512300002
2026-01-17 20:34:17,177 - INFO -   Study UID: None, Patient ID: None, Accession: 202512300002
2026-01-17 20:34:17,177 - INFO - [PROCESS] Finding Study UID by Accession: 202512300002
2026-01-17 20:34:17,177 - INFO - [PROCESS] Finding Study UID by Accession: 202512300002
2026-01-17 20:34:17,936 - WARNING - [PROCESS] Accession not found: 202512300002 - Study tidak ditemukan
2026-01-17 20:34:17,936 - WARNING - [PROCESS] Accession not found: 202512300002 - Study tidak ditemukan
2026-01-17 20:34:47,819 - INFO - [PROCESS] Starting unified DICOM processing
2026-01-17 20:34:47,819 - INFO - [PROCESS] Starting unified DICOM processing
2026-01-17 20:34:47,820 - INFO -   Study UID: None, Patient ID: None, Accession: 2026100001321
2026-01-17 20:34:47,820 - INFO -   Study UID: None, Patient ID: None, Accession: 2026100001321
2026-01-17 20:34:47,820 - INFO - [PROCESS] Finding Study UID by Accession: 2026100001321
2026-01-17 20:34:47,820 - INFO - [PROCESS] Finding Study UID by Accession: 2026100001321
2026-01-17 20:34:48,176 - INFO - [PROCESS] Found 4 instances for Study UID: 1.2.840.113619.2.415.3.839652136.763.1768259880.587
2026-01-17 20:34:48,176 - INFO - [PROCESS] Found 4 instances for Study UID: 1.2.840.113619.2.415.3.839652136.763.1768259880.587
2026-01-17 20:34:48,177 - INFO - [PROCESS] Processing instance 1/4
2026-01-17 20:34:48,177 - INFO - [PROCESS] Processing instance 1/4
2026-01-17 20:35:05,957 - INFO - [PROCESS] Instance 1 sent successfully
2026-01-17 20:35:05,957 - INFO - [PROCESS] Instance 1 sent successfully
2026-01-17 20:35:05,958 - INFO - [PROCESS] Processing instance 2/4
2026-01-17 20:35:05,958 - INFO - [PROCESS] Processing instance 2/4
2026-01-17 20:35:22,347 - INFO - [PROCESS] Instance 2 sent successfully
2026-01-17 20:35:22,347 - INFO - [PROCESS] Instance 2 sent successfully
2026-01-17 20:35:22,347 - INFO - [PROCESS] Processing instance 3/4
2026-01-17 20:35:22,347 - INFO - [PROCESS] Processing instance 3/4
2026-01-17 20:35:29,344 - INFO - [PROCESS] Instance 3 sent successfully
2026-01-17 20:35:29,344 - INFO - [PROCESS] Instance 3 sent successfully
2026-01-17 20:35:29,344 - INFO - [PROCESS] Processing instance 4/4
2026-01-17 20:35:29,344 - INFO - [PROCESS] Processing instance 4/4
2026-01-17 20:35:29,861 - INFO - [PROCESS] Instance 4 sent successfully
2026-01-17 20:35:29,861 - INFO - [PROCESS] Instance 4 sent successfully
2026-01-17 20:35:29,862 - INFO - [PROCESS] Completed - Success: 4/4, Failed: 0
2026-01-17 20:35:29,862 - INFO - [PROCESS] Completed - Success: 4/4, Failed: 0
2026-01-17 20:40:48,582 - INFO - Starting DICOM Gateway Application...
2026-01-17 20:40:48,582 - INFO - Starting DICOM Gateway Application...
2026-01-17 20:41:43,949 - ERROR - SatuSehat lookup failed: No ImagingStudy found for this Accession Number
2026-01-17 20:41:43,949 - ERROR - SatuSehat lookup failed: No ImagingStudy found for this Accession Number
2026-01-17 20:42:54,287 - INFO - ImagingStudy found: 7d1f71db-9e5d-4a11-918b-3dfcc7aca0c9
2026-01-17 20:42:54,287 - INFO - ImagingStudy found: 7d1f71db-9e5d-4a11-918b-3dfcc7aca0c9
2026-01-17 20:43:04,407 - INFO - ImagingStudy found: 7d1f71db-9e5d-4a11-918b-3dfcc7aca0c9
2026-01-17 20:43:04,407 - INFO - ImagingStudy found: 7d1f71db-9e5d-4a11-918b-3dfcc7aca0c9
2026-01-17 20:55:51,092 - INFO - Starting DICOM Gateway Application...
2026-01-17 20:55:51,092 - INFO - Starting DICOM Gateway Application...
2026-01-17 21:22:01,375 - INFO - Starting DICOM Gateway Application...
2026-01-17 21:22:01,375 - INFO - Starting DICOM Gateway Application...
2026-01-17 21:22:01,375 - INFO - Starting DICOM Gateway Application...
2026-01-17 21:22:01,375 - INFO - Starting DICOM Gateway Application...
2026-01-17 21:22:21,019 - INFO - [SATUSEHAT] Creating Encounter with identifier: RG2023I0000175
2026-01-17 21:22:21,019 - INFO - [SATUSEHAT] Creating Encounter with identifier: RG2023I0000175
2026-01-17 21:22:21,019 - INFO - [SATUSEHAT] Creating Encounter with identifier: RG2023I0000175
2026-01-17 21:22:21,019 - INFO - [SATUSEHAT] Creating Encounter with identifier: RG2023I0000175
2026-01-17 21:22:21,020 - ERROR - [SATUSEHAT] Unexpected error: type object 'Config' has no attribute 'SS_ORG_ID'
2026-01-17 21:22:21,020 - ERROR - [SATUSEHAT] Unexpected error: type object 'Config' has no attribute 'SS_ORG_ID'
2026-01-17 21:22:21,020 - ERROR - [SATUSEHAT] Unexpected error: type object 'Config' has no attribute 'SS_ORG_ID'
2026-01-17 21:22:21,020 - ERROR - [SATUSEHAT] Unexpected error: type object 'Config' has no attribute 'SS_ORG_ID'
2026-01-17 21:24:37,587 - INFO - [SATUSEHAT] Creating Encounter with identifier: RG2023I0000175
2026-01-17 21:24:37,587 - INFO - [SATUSEHAT] Creating Encounter with identifier: RG2023I0000175
2026-01-17 21:24:37,587 - INFO - [SATUSEHAT] Creating Encounter with identifier: RG2023I0000175
2026-01-17 21:24:37,587 - INFO - [SATUSEHAT] Creating Encounter with identifier: RG2023I0000175
2026-01-17 21:24:37,587 - ERROR - [SATUSEHAT] Unexpected error: type object 'Config' has no attribute 'SS_ORG_ID'
2026-01-17 21:24:37,587 - ERROR - [SATUSEHAT] Unexpected error: type object 'Config' has no attribute 'SS_ORG_ID'
2026-01-17 21:24:37,587 - ERROR - [SATUSEHAT] Unexpected error: type object 'Config' has no attribute 'SS_ORG_ID'
2026-01-17 21:24:37,587 - ERROR - [SATUSEHAT] Unexpected error: type object 'Config' has no attribute 'SS_ORG_ID'
2026-01-17 21:24:44,610 - INFO - Starting DICOM Gateway Application...
2026-01-17 21:24:44,610 - INFO - Starting DICOM Gateway Application...
2026-01-17 21:24:44,610 - INFO - Starting DICOM Gateway Application...
2026-01-17 21:24:44,610 - INFO - Starting DICOM Gateway Application...
2026-01-17 21:24:56,541 - INFO - [SATUSEHAT] Creating Encounter with identifier: RG2023I0000175
2026-01-17 21:24:56,541 - INFO - [SATUSEHAT] Creating Encounter with identifier: RG2023I0000175
2026-01-17 21:24:56,541 - INFO - [SATUSEHAT] Creating Encounter with identifier: RG2023I0000175
2026-01-17 21:24:56,541 - INFO - [SATUSEHAT] Creating Encounter with identifier: RG2023I0000175
2026-01-17 21:24:56,734 - ERROR - [SATUSEHAT] Unexpected error: type object 'Config' has no attribute 'SS_BASE_URL'
2026-01-17 21:24:56,734 - ERROR - [SATUSEHAT] Unexpected error: type object 'Config' has no attribute 'SS_BASE_URL'
2026-01-17 21:24:56,734 - ERROR - [SATUSEHAT] Unexpected error: type object 'Config' has no attribute 'SS_BASE_URL'
2026-01-17 21:24:56,734 - ERROR - [SATUSEHAT] Unexpected error: type object 'Config' has no attribute 'SS_BASE_URL'
2026-01-17 21:26:14,937 - INFO - Starting DICOM Gateway Application...
2026-01-17 21:26:14,937 - INFO - Starting DICOM Gateway Application...
2026-01-17 21:26:14,937 - INFO - Starting DICOM Gateway Application...
2026-01-17 21:26:14,937 - INFO - Starting DICOM Gateway Application...
2026-01-17 21:26:24,802 - INFO - [SATUSEHAT] Creating Encounter with identifier: RG2023I0000175
2026-01-17 21:26:24,802 - INFO - [SATUSEHAT] Creating Encounter with identifier: RG2023I0000175
2026-01-17 21:26:24,802 - INFO - [SATUSEHAT] Creating Encounter with identifier: RG2023I0000175
2026-01-17 21:26:24,802 - INFO - [SATUSEHAT] Creating Encounter with identifier: RG2023I0000175
2026-01-17 21:26:25,425 - ERROR - [SATUSEHAT] Failed to create Encounter: {'resourceType': 'OperationOutcome', 'text': {'status': 'generated'}, 'issue': [{'severity': 'error', 'code': 'duplicate', 'details': {'text': 'Found duplicate resource: Encounter (RuleNumber: 20002)'}}]}
2026-01-17 21:26:25,425 - ERROR - [SATUSEHAT] Failed to create Encounter: {'resourceType': 'OperationOutcome', 'text': {'status': 'generated'}, 'issue': [{'severity': 'error', 'code': 'duplicate', 'details': {'text': 'Found duplicate resource: Encounter (RuleNumber: 20002)'}}]}
2026-01-17 21:26:25,425 - ERROR - [SATUSEHAT] Failed to create Encounter: {'resourceType': 'OperationOutcome', 'text': {'status': 'generated'}, 'issue': [{'severity': 'error', 'code': 'duplicate', 'details': {'text': 'Found duplicate resource: Encounter (RuleNumber: 20002)'}}]}
2026-01-17 21:26:25,425 - ERROR - [SATUSEHAT] Failed to create Encounter: {'resourceType': 'OperationOutcome', 'text': {'status': 'generated'}, 'issue': [{'severity': 'error', 'code': 'duplicate', 'details': {'text': 'Found duplicate resource: Encounter (RuleNumber: 20002)'}}]}
2026-01-17 21:30:05,631 - INFO - Starting DICOM Gateway Application...
2026-01-17 21:30:05,631 - INFO - Starting DICOM Gateway Application...
2026-01-17 21:30:05,631 - INFO - Starting DICOM Gateway Application...
2026-01-17 21:30:05,631 - INFO - Starting DICOM Gateway Application...
2026-01-17 21:35:32,097 - INFO - Starting DICOM Gateway Application...
2026-01-17 21:35:32,097 - INFO - Starting DICOM Gateway Application...
2026-01-17 21:35:32,097 - INFO - Starting DICOM Gateway Application...
2026-01-17 21:35:32,097 - INFO - Starting DICOM Gateway Application...
2026-01-17 21:36:20,715 - INFO - Starting DICOM Gateway Application...
2026-01-17 21:36:20,715 - INFO - Starting DICOM Gateway Application...
2026-01-17 21:36:20,715 - INFO - Starting DICOM Gateway Application...
2026-01-17 21:36:20,715 - INFO - Starting DICOM Gateway Application...
2026-01-18 07:03:45,588 - INFO - Starting DICOM Gateway Application...
2026-01-18 07:03:45,588 - INFO - Starting DICOM Gateway Application...
2026-01-18 07:03:45,588 - INFO - Starting DICOM Gateway Application...
2026-01-18 07:03:45,588 - INFO - Starting DICOM Gateway Application...
2026-01-18 07:06:11,402 - INFO - [SATUSEHAT] Creating Encounter with identifier: RG2026A0004317
2026-01-18 07:06:11,402 - INFO - [SATUSEHAT] Creating Encounter with identifier: RG2026A0004317
2026-01-18 07:06:11,402 - INFO - [SATUSEHAT] Creating Encounter with identifier: RG2026A0004317
2026-01-18 07:06:11,402 - INFO - [SATUSEHAT] Creating Encounter with identifier: RG2026A0004317
2026-01-18 07:06:11,918 - INFO - [SATUSEHAT] Encounter created successfully with ID: bf0b4d19-5aa5-4831-a4a0-b791a4e98132
2026-01-18 07:06:11,918 - INFO - [SATUSEHAT] Encounter created successfully with ID: bf0b4d19-5aa5-4831-a4a0-b791a4e98132
2026-01-18 07:06:11,918 - INFO - [SATUSEHAT] Encounter created successfully with ID: bf0b4d19-5aa5-4831-a4a0-b791a4e98132
2026-01-18 07:06:11,918 - INFO - [SATUSEHAT] Encounter created successfully with ID: bf0b4d19-5aa5-4831-a4a0-b791a4e98132
2026-01-18 07:14:29,569 - INFO - Starting DICOM Gateway Application...
2026-01-18 07:14:29,569 - INFO - Starting DICOM Gateway Application...
2026-01-18 07:14:29,569 - INFO - Starting DICOM Gateway Application...
2026-01-18 07:14:29,569 - INFO - Starting DICOM Gateway Application...
2026-01-18 07:21:34,472 - INFO - Starting DICOM Gateway Application...
2026-01-18 07:21:34,472 - INFO - Starting DICOM Gateway Application...
2026-01-18 07:21:34,472 - INFO - Starting DICOM Gateway Application...
2026-01-18 07:21:34,472 - INFO - Starting DICOM Gateway Application...
2026-01-18 07:34:02,198 - INFO - Starting DICOM Gateway Application...
2026-01-18 07:34:02,198 - INFO - Starting DICOM Gateway Application...
2026-01-18 07:34:02,198 - INFO - Starting DICOM Gateway Application...
2026-01-18 07:34:02,198 - INFO - Starting DICOM Gateway Application...
2026-01-18 07:41:19,118 - INFO - Starting DICOM Gateway Application...
2026-01-18 07:41:19,118 - INFO - Starting DICOM Gateway Application...
2026-01-18 07:41:19,118 - INFO - Starting DICOM Gateway Application...
2026-01-18 07:41:19,118 - INFO - Starting DICOM Gateway Application...
2026-01-18 07:42:44,718 - INFO - Starting DICOM Gateway Application...
2026-01-18 07:42:44,718 - INFO - Starting DICOM Gateway Application...
2026-01-18 07:42:44,718 - INFO - Starting DICOM Gateway Application...
2026-01-18 07:42:44,718 - INFO - Starting DICOM Gateway Application...
2026-01-18 07:53:12,326 - INFO - Starting DICOM Gateway Application...
2026-01-18 07:53:12,326 - INFO - Starting DICOM Gateway Application...
2026-01-18 07:53:12,326 - INFO - Starting DICOM Gateway Application...
2026-01-18 07:53:12,326 - INFO - Starting DICOM Gateway Application...
2026-01-18 07:53:55,788 - INFO - Starting DICOM Gateway Application...
2026-01-18 07:53:55,788 - INFO - Starting DICOM Gateway Application...
2026-01-18 07:53:55,788 - INFO - Starting DICOM Gateway Application...
2026-01-18 07:53:55,788 - INFO - Starting DICOM Gateway Application...
2026-01-18 07:54:32,928 - INFO - Starting DICOM Gateway Application...
2026-01-18 07:54:32,928 - INFO - Starting DICOM Gateway Application...
2026-01-18 07:54:32,928 - INFO - Starting DICOM Gateway Application...
2026-01-18 07:54:32,928 - INFO - Starting DICOM Gateway Application...
2026-01-18 07:54:54,220 - INFO - Starting DICOM Gateway Application...
2026-01-18 07:54:54,220 - INFO - Starting DICOM Gateway Application...
2026-01-18 07:54:54,220 - INFO - Starting DICOM Gateway Application...
2026-01-18 07:54:54,220 - INFO - Starting DICOM Gateway Application...
2026-01-18 08:00:38,769 - INFO - Starting DICOM Gateway Application...
2026-01-18 08:00:38,769 - INFO - Starting DICOM Gateway Application...
2026-01-18 08:00:38,769 - INFO - Starting DICOM Gateway Application...
2026-01-18 08:00:38,769 - INFO - Starting DICOM Gateway Application...
2026-02-15 12:53:11,919 - INFO - Starting DICOM Gateway Application...
2026-02-15 12:53:11,919 - INFO - Starting DICOM Gateway Application...
2026-02-15 12:53:11,919 - INFO - Starting DICOM Gateway Application...
2026-02-15 12:53:11,919 - INFO - Starting DICOM Gateway Application...
2026-02-15 12:53:11,919 - INFO - Starting DICOM Gateway Application...
2026-02-15 13:04:46,051 - INFO - Starting DICOM Gateway Application...
2026-02-15 13:04:46,051 - INFO - Starting DICOM Gateway Application...
2026-02-15 13:04:46,051 - INFO - Starting DICOM Gateway Application...
2026-02-15 13:04:46,051 - INFO - Starting DICOM Gateway Application...
2026-02-15 13:04:46,051 - INFO - Starting DICOM Gateway Application...
2026-02-15 13:05:01,911 - INFO - [DICOM INFO] File uploaded: 1.2.840.113619.2.415.3.839652136.796.1770677900.891.dcm
2026-02-15 13:05:01,911 - INFO - [DICOM INFO] File uploaded: 1.2.840.113619.2.415.3.839652136.796.1770677900.891.dcm
2026-02-15 13:05:01,911 - INFO - [DICOM INFO] File uploaded: 1.2.840.113619.2.415.3.839652136.796.1770677900.891.dcm
2026-02-15 13:05:01,911 - INFO - [DICOM INFO] File uploaded: 1.2.840.113619.2.415.3.839652136.796.1770677900.891.dcm
2026-02-15 13:05:01,911 - INFO - [DICOM INFO] File uploaded: 1.2.840.113619.2.415.3.839652136.796.1770677900.891.dcm
2026-02-15 13:06:00,827 - INFO - [PACS UPLOAD] File uploaded: 1.2.840.113619.2.415.3.839652136.796.1770677900.891.dcm
2026-02-15 13:06:00,827 - INFO - [PACS UPLOAD] File uploaded: 1.2.840.113619.2.415.3.839652136.796.1770677900.891.dcm
2026-02-15 13:06:00,827 - INFO - [PACS UPLOAD] File uploaded: 1.2.840.113619.2.415.3.839652136.796.1770677900.891.dcm
2026-02-15 13:06:00,827 - INFO - [PACS UPLOAD] File uploaded: 1.2.840.113619.2.415.3.839652136.796.1770677900.891.dcm
2026-02-15 13:06:00,827 - INFO - [PACS UPLOAD] File uploaded: 1.2.840.113619.2.415.3.839652136.796.1770677900.891.dcm
2026-02-15 13:06:02,472 - INFO - [PACS UPLOAD] File 1.2.840.113619.2.415.3.839652136.796.1770677900.891.dcm successfully sent to PACS
2026-02-15 13:06:02,472 - INFO - [PACS UPLOAD] File 1.2.840.113619.2.415.3.839652136.796.1770677900.891.dcm successfully sent to PACS
2026-02-15 13:06:02,472 - INFO - [PACS UPLOAD] File 1.2.840.113619.2.415.3.839652136.796.1770677900.891.dcm successfully sent to PACS
2026-02-15 13:06:02,472 - INFO - [PACS UPLOAD] File 1.2.840.113619.2.415.3.839652136.796.1770677900.891.dcm successfully sent to PACS
2026-02-15 13:06:02,472 - INFO - [PACS UPLOAD] File 1.2.840.113619.2.415.3.839652136.796.1770677900.891.dcm successfully sent to PACS
2026-02-15 13:07:57,338 - INFO - [DICOM INFO] Getting study for accession: 2026201169411
2026-02-15 13:07:57,338 - INFO - [DICOM INFO] Getting study for accession: 2026201169411
2026-02-15 13:07:57,338 - INFO - [DICOM INFO] Getting study for accession: 2026201169411
2026-02-15 13:07:57,338 - INFO - [DICOM INFO] Getting study for accession: 2026201169411
2026-02-15 13:07:57,338 - INFO - [DICOM INFO] Getting study for accession: 2026201169411
2026-02-15 13:07:57,593 - INFO - Found 1 study(ies) for accession: 2026201169411
2026-02-15 13:07:57,593 - INFO - Found 1 study(ies) for accession: 2026201169411
2026-02-15 13:07:57,593 - INFO - Found 1 study(ies) for accession: 2026201169411
2026-02-15 13:07:57,593 - INFO - Found 1 study(ies) for accession: 2026201169411
2026-02-15 13:07:57,593 - INFO - Found 1 study(ies) for accession: 2026201169411
2026-02-15 13:08:57,175 - INFO - [PACS DELETE] Deleting study: 1.2.840.113619.2.415.3.839652136.796.1770677900.891
2026-02-15 13:08:57,175 - INFO - [PACS DELETE] Deleting study: 1.2.840.113619.2.415.3.839652136.796.1770677900.891
2026-02-15 13:08:57,175 - INFO - [PACS DELETE] Deleting study: 1.2.840.113619.2.415.3.839652136.796.1770677900.891
2026-02-15 13:08:57,175 - INFO - [PACS DELETE] Deleting study: 1.2.840.113619.2.415.3.839652136.796.1770677900.891
2026-02-15 13:08:57,175 - INFO - [PACS DELETE] Deleting study: 1.2.840.113619.2.415.3.839652136.796.1770677900.891
2026-02-15 13:08:57,365 - ERROR - [PACS DELETE] Failed with status 403: {'errorMessage': 'Deletion of Study with Rejection State: NONE not permitted'}
2026-02-15 13:08:57,365 - ERROR - [PACS DELETE] Failed with status 403: {'errorMessage': 'Deletion of Study with Rejection State: NONE not permitted'}
2026-02-15 13:08:57,365 - ERROR - [PACS DELETE] Failed with status 403: {'errorMessage': 'Deletion of Study with Rejection State: NONE not permitted'}
2026-02-15 13:08:57,365 - ERROR - [PACS DELETE] Failed with status 403: {'errorMessage': 'Deletion of Study with Rejection State: NONE not permitted'}
2026-02-15 13:08:57,365 - ERROR - [PACS DELETE] Failed with status 403: {'errorMessage': 'Deletion of Study with Rejection State: NONE not permitted'}
2026-02-15 13:11:46,413 - INFO - Starting DICOM Gateway Application...
2026-02-15 13:11:46,413 - INFO - Starting DICOM Gateway Application...
2026-02-15 13:11:46,413 - INFO - Starting DICOM Gateway Application...
2026-02-15 13:11:46,413 - INFO - Starting DICOM Gateway Application...
2026-02-15 13:11:46,413 - INFO - Starting DICOM Gateway Application...
2026-02-15 13:12:05,981 - INFO - [PACS DELETE] Deleting study: 1.2.840.113619.2.415.3.839652136.796.1770677900.891
2026-02-15 13:12:05,981 - INFO - [PACS DELETE] Deleting study: 1.2.840.113619.2.415.3.839652136.796.1770677900.891
2026-02-15 13:12:05,981 - INFO - [PACS DELETE] Deleting study: 1.2.840.113619.2.415.3.839652136.796.1770677900.891
2026-02-15 13:12:05,981 - INFO - [PACS DELETE] Deleting study: 1.2.840.113619.2.415.3.839652136.796.1770677900.891
2026-02-15 13:12:05,981 - INFO - [PACS DELETE] Deleting study: 1.2.840.113619.2.415.3.839652136.796.1770677900.891
2026-02-15 13:12:06,074 - ERROR - [PACS DELETE] Failed with status 403: {'errorMessage': 'Deletion of Study with Rejection State: NONE not permitted'}
2026-02-15 13:12:06,074 - ERROR - [PACS DELETE] Failed with status 403: {'errorMessage': 'Deletion of Study with Rejection State: NONE not permitted'}
2026-02-15 13:12:06,074 - ERROR - [PACS DELETE] Failed with status 403: {'errorMessage': 'Deletion of Study with Rejection State: NONE not permitted'}
2026-02-15 13:12:06,074 - ERROR - [PACS DELETE] Failed with status 403: {'errorMessage': 'Deletion of Study with Rejection State: NONE not permitted'}
2026-02-15 13:12:06,074 - ERROR - [PACS DELETE] Failed with status 403: {'errorMessage': 'Deletion of Study with Rejection State: NONE not permitted'}
2026-02-15 13:13:11,072 - INFO - [PACS DELETE] Deleting study: 1.2.840.113619.2.415.3.839652136.796.1770677900.891
2026-02-15 13:13:11,072 - INFO - [PACS DELETE] Deleting study: 1.2.840.113619.2.415.3.839652136.796.1770677900.891
2026-02-15 13:13:11,072 - INFO - [PACS DELETE] Deleting study: 1.2.840.113619.2.415.3.839652136.796.1770677900.891
2026-02-15 13:13:11,072 - INFO - [PACS DELETE] Deleting study: 1.2.840.113619.2.415.3.839652136.796.1770677900.891
2026-02-15 13:13:11,072 - INFO - [PACS DELETE] Deleting study: 1.2.840.113619.2.415.3.839652136.796.1770677900.891
2026-02-15 13:13:11,193 - ERROR - [PACS DELETE] Failed with status 403: {'errorMessage': 'Deletion of Study with Rejection State: NONE not permitted'}
2026-02-15 13:13:11,193 - ERROR - [PACS DELETE] Failed with status 403: {'errorMessage': 'Deletion of Study with Rejection State: NONE not permitted'}
2026-02-15 13:13:11,193 - ERROR - [PACS DELETE] Failed with status 403: {'errorMessage': 'Deletion of Study with Rejection State: NONE not permitted'}
2026-02-15 13:13:11,193 - ERROR - [PACS DELETE] Failed with status 403: {'errorMessage': 'Deletion of Study with Rejection State: NONE not permitted'}
2026-02-15 13:13:11,193 - ERROR - [PACS DELETE] Failed with status 403: {'errorMessage': 'Deletion of Study with Rejection State: NONE not permitted'}
2026-02-15 13:20:20,874 - INFO - Starting DICOM Gateway Application...
2026-02-15 13:20:20,874 - INFO - Starting DICOM Gateway Application...
2026-02-15 13:20:20,874 - INFO - Starting DICOM Gateway Application...
2026-02-15 13:20:20,874 - INFO - Starting DICOM Gateway Application...
2026-02-15 13:20:20,874 - INFO - Starting DICOM Gateway Application...
2026-02-15 13:20:39,764 - INFO - [DICOM INFO] File uploaded: 1.2.840.113619.2.415.3.839652136.796.1770677900.891.dcm
2026-02-15 13:20:39,764 - INFO - [DICOM INFO] File uploaded: 1.2.840.113619.2.415.3.839652136.796.1770677900.891.dcm
2026-02-15 13:20:39,764 - INFO - [DICOM INFO] File uploaded: 1.2.840.113619.2.415.3.839652136.796.1770677900.891.dcm
2026-02-15 13:20:39,764 - INFO - [DICOM INFO] File uploaded: 1.2.840.113619.2.415.3.839652136.796.1770677900.891.dcm
2026-02-15 13:20:39,764 - INFO - [DICOM INFO] File uploaded: 1.2.840.113619.2.415.3.839652136.796.1770677900.891.dcm
2026-02-15 13:21:28,769 - INFO - [PACS UPLOAD] File uploaded: 1.2.840.113619.2.415.3.839652136.796.1770677900.891.dcm
2026-02-15 13:21:28,769 - INFO - [PACS UPLOAD] File uploaded: 1.2.840.113619.2.415.3.839652136.796.1770677900.891.dcm
2026-02-15 13:21:28,769 - INFO - [PACS UPLOAD] File uploaded: 1.2.840.113619.2.415.3.839652136.796.1770677900.891.dcm
2026-02-15 13:21:28,769 - INFO - [PACS UPLOAD] File uploaded: 1.2.840.113619.2.415.3.839652136.796.1770677900.891.dcm
2026-02-15 13:21:28,769 - INFO - [PACS UPLOAD] File uploaded: 1.2.840.113619.2.415.3.839652136.796.1770677900.891.dcm
2026-02-15 13:21:31,041 - INFO - [PACS UPLOAD] File 1.2.840.113619.2.415.3.839652136.796.1770677900.891.dcm successfully sent to PACS
2026-02-15 13:21:31,041 - INFO - [PACS UPLOAD] File 1.2.840.113619.2.415.3.839652136.796.1770677900.891.dcm successfully sent to PACS
2026-02-15 13:21:31,041 - INFO - [PACS UPLOAD] File 1.2.840.113619.2.415.3.839652136.796.1770677900.891.dcm successfully sent to PACS
2026-02-15 13:21:31,041 - INFO - [PACS UPLOAD] File 1.2.840.113619.2.415.3.839652136.796.1770677900.891.dcm successfully sent to PACS
2026-02-15 13:21:31,041 - INFO - [PACS UPLOAD] File 1.2.840.113619.2.415.3.839652136.796.1770677900.891.dcm successfully sent to PACS
